Microchip MPLAB XC8 Compiler V3.10

Linker command line:

-W-3 \
  --edf=C:\Program Files\Microchip\xc8\v3.10\pic\dat\20250813170317_en.msgs \
  -cn -h+dist/default/production\API_ADC.X.production.sym \
  --cmf=dist/default/production\API_ADC.X.production.cmf -z -Q18F46K22 \
  -oC:\Users\ANDERS~1.PER\AppData\Local\Temp\xcAsl7w.0\driver_tmp_3.o \
  --defsym=__MPLAB_BUILD=1 --fixupoverflow=error \
  -Mdist/default/production/API_ADC.X.production.map \
  --md=C:\Users\ANDERS~1.PER\AppData\Local\Temp\xcAsl7w.0\driver_tmp_0.dat \
  -E1 -ver=XC8 Compiler -ACODE=00h-0FFFFh -ACONST=00h-0FFFFh \
  -ASMALLCONST=01000h-010FFhx240 -AMEDIUMCONST=01000h-0FFFFh \
  -ACOMRAM=01h-05Fh -AABS1=00h-0F37h -ABIGRAM=01h-0F37h \
  -ARAM=060h-0FFh,0100h-01FFhx14,0F00h-0F37h -ABANK0=060h-0FFh \
  -ABANK1=0100h-01FFh -ABANK2=0200h-02FFh -ABANK3=0300h-03FFh \
  -ABANK4=0400h-04FFh -ABANK5=0500h-05FFh -ABANK6=0600h-06FFh \
  -ABANK7=0700h-07FFh -ABANK8=0800h-08FFh -ABANK9=0900h-09FFh \
  -ABANK10=0A00h-0AFFh -ABANK11=0B00h-0BFFh -ABANK12=0C00h-0CFFh \
  -ABANK13=0D00h-0DFFh -ABANK14=0E00h-0EFFh -ABANK15=0F00h-0F37h \
  -ASFR=0F38h-0F5Fh,0F60h-0FFFh -ABIGSFR=0F38h-0FFFh \
  -ACONFIG=0300000h-030000Dh -AIDLOC=0200000h-0200007h \
  -AEEDATA=0F00000h-0F003FFh -peeprom_data=EEDATA \
  -preset_vec=00h,intcode=8h,intcodelo=18h,sivt_lo,sivt_hi=CODE \
  -ppowerup=CODE,init -pramtop=01000h -psmallconst=SMALLCONST \
  -pmediumconst=MEDIUMCONST -pconst=CONST -AFARRAM=00h-00h \
  -prdata=COMRAM,nvrram=COMRAM,nvbit=COMRAM,rbss=COMRAM,rbit=COMRAM \
  -pfarbss=FARRAM,fardata=FARRAM,nvFARRAM=FARRAM \
  -pintsave_regs=BIGRAM,bigbss=BIGRAM,bigdata=BIGRAM -pbss=RAM \
  -pidata=CODE,irdata=CODE,ibigdata=CODE,ifardata=CODE -prparam=COMRAM \
  C:\Users\ANDERS~1.PER\AppData\Local\Temp\xcAsl7w.0\driver_tmp_9.o \
  dist/default/production\API_ADC.X.production.o 

Object code version is 3.11

Machine type is 18F46K22



                Name                               Link     Load   Length Selector   Space Scale
C:\Users\ANDERS~1.PER\AppData\Local\Temp\xcAsl7w.0\driver_tmp_9.o
                init                               FFFC     FFFC        4     7FFE       0
                reset_vec                             0        0        4        0       0
dist/default/production\API_ADC.X.production.o
                smallconst                         1000     1000        2      800       0
                text9                              196A     196A      104      801       0
                text8                              1B72     1B72       26      801       0
                text7                              1BC8     1BC8        4      801       0
                text6                              1B98     1B98       22      801       0
                text5                              1BBA     1BBA        8      801       0
                text4                              1428     1428      38E      801       0
                text3                              1002     1002      426      801       0
                text2                              17B6     17B6      1B4      801       0
                text1                              1A6E     1A6E       A0      801       0
                text0                              1B0E     1B0E       64      801       0
                cstackCOMRAM                          1        1       54        1       1
                cinit                              1BC2     1BC2        6      801       0

TOTAL           Name                               Link     Load   Length     Space
        CLASS   CODE           
                init                               FFFC     FFFC        4         0
                reset_vec                             0        0        4         0
                text9                              196A     196A      104         0
                text8                              1B72     1B72       26         0
                text7                              1BC8     1BC8        4         0
                text6                              1B98     1B98       22         0
                text5                              1BBA     1BBA        8         0
                text4                              1428     1428      38E         0
                text3                              1002     1002      426         0
                text2                              17B6     17B6      1B4         0
                text1                              1A6E     1A6E       A0         0
                text0                              1B0E     1B0E       64         0
                cinit                              1BC2     1BC2        6         0

        CLASS   CONST          

        CLASS   SMALLCONST     
                smallconst                         1000     1000        2         0

        CLASS   MEDIUMCONST    

        CLASS   COMRAM         
                cstackCOMRAM                          1        1       54         1

        CLASS   ABS1           

        CLASS   BIGRAM         

        CLASS   RAM            

        CLASS   BANK0          

        CLASS   BANK1          

        CLASS   BANK2          

        CLASS   BANK3          

        CLASS   BANK4          

        CLASS   BANK5          

        CLASS   BANK6          

        CLASS   BANK7          

        CLASS   BANK8          

        CLASS   BANK9          

        CLASS   BANK10         

        CLASS   BANK11         

        CLASS   BANK12         

        CLASS   BANK13         

        CLASS   BANK14         

        CLASS   BANK15         

        CLASS   SFR            

        CLASS   BIGSFR         

        CLASS   CONFIG         

        CLASS   IDLOC          

        CLASS   EEDATA         

        CLASS   FARRAM         

        CLASS   HEAP           

        CLASS   STACK          



SEGMENTS        Name                           Load    Length   Top    Selector   Space  Class

                reset_vec                      000000  000004  000004         0       0  CODE    
                cstackCOMRAM                   000001  000054  000055         1       1  COMRAM  
                smallconst                     001000  000002  001002       800       0  SMALLCON
                text3                          001002  000BCA  001BCC       801       0  CODE    
                init                           00FFFC  000004  010000      7FFE       0  CODE    


UNUSED ADDRESS RANGES

        Name                Unused          Largest block    Delta
        BANK0            00060-000FF              A0
        BANK1            00100-001FF             100
        BANK10           00A00-00AFF             100
        BANK11           00B00-00BFF             100
        BANK12           00C00-00CFF             100
        BANK13           00D00-00DFF             100
        BANK14           00E00-00EFF             100
        BANK15           00F00-00F37              38
        BANK2            00200-002FF             100
        BANK3            00300-003FF             100
        BANK4            00400-004FF             100
        BANK5            00500-005FF             100
        BANK6            00600-006FF             100
        BANK7            00700-007FF             100
        BANK8            00800-008FF             100
        BANK9            00900-009FF             100
        BIGRAM           00055-00F37             EE3
        BIGSFR           00F38-00FFF              C8
        CODE             00004-00FFF             FFC
                         01BCC-0FFFB            E430
        COMRAM           00055-0005F               B
        CONFIG           300000-30000D               E
        CONST            00004-00FFF             FFC
                         01BCC-0FFFB            E430
        EEDATA           F00000-F003FF             400
        IDLOC            200000-200007               8
        MEDIUMCONST      01BCC-0FFFB            E430
        RAM              00060-00F37             100
        SFR              00F38-00FFF              28
        SMALLCONST       01BCC-0FFFB             100

                                  Symbol Table

?___fldiv                 cstackCOMRAM 00028
?___flmul                 cstackCOMRAM 0000F
?___xxtofl                cstackCOMRAM 00001
?_adc_read                cstackCOMRAM 00001
?_ler_temperatura         cstackCOMRAM 00041
_ADCON0bits               (abs)        00FC2
_ADCON1bits               (abs)        00FC1
_ADCON2bits               (abs)        00FC0
_ADRES                    (abs)        00FC3
_ANSELAbits               (abs)        00F38
_ANSELDbits               (abs)        00F3B
_PORTDbits                (abs)        00F83
_TRISAbits                (abs)        00F92
_TRISDbits                (abs)        00F95
__HRAM                    (abs)        00000
__H__absolute__           __absolute__ 00000
__Habs1                   abs1         00000
__Hbank0                  bank0        00000
__Hbank1                  bank1        00000
__Hbank10                 bank10       00000
__Hbank11                 bank11       00000
__Hbank12                 bank12       00000
__Hbank13                 bank13       00000
__Hbank14                 bank14       00000
__Hbank15                 bank15       00000
__Hbank2                  bank2        00000
__Hbank3                  bank3        00000
__Hbank4                  bank4        00000
__Hbank5                  bank5        00000
__Hbank6                  bank6        00000
__Hbank7                  bank7        00000
__Hbank8                  bank8        00000
__Hbank9                  bank9        00000
__Hbigbss                 bigbss       00000
__Hbigdata                bigdata      00000
__Hbigram                 bigram       00000
__Hbigsfr                 bigsfr       00000
__Hbss                    bss          00000
__Hcinit                  cinit        00000
__Hclrtext                clrtext      00000
__Hcomram                 comram       00000
__Hconfig                 config       00000
__Hconst                  const        00000
__HcstackCOMRAM           cstackCOMRAM 00000
__Hdata                   data         00000
__Heeprom_data            eeprom_data  00000
__Hfarbss                 farbss       00000
__Hfardata                fardata      00000
__Hheap                   heap         00000
__Hibigdata               ibigdata     00000
__Hidata                  idata        00000
__Hidloc                  idloc        00000
__Hifardata               ifardata     00000
__Hinit                   init         10000
__Hintcode                intcode      00008
__Hintcode_body           intcode_body 00000
__Hintcodelo              intcodelo    00018
__Hintentry               intentry     00000
__Hintret                 intret       00000
__Hintsave_regs           intsave_regs 00000
__Hirdata                 irdata       00000
__Hmediumconst            mediumconst  00000
__HnvFARRAM               nvFARRAM     00000
__Hnvbit                  nvbit        00000
__Hnvrram                 nvrram       00000
__Hparam                  rparam       00000
__Hpowerup                powerup      00000
__Hram                    ram          00000
__Hramtop                 ramtop       01000
__Hrbit                   rbit         00000
__Hrbss                   rbss         00000
__Hrdata                  rdata        00000
__Hreset_vec              reset_vec    00004
__Hrparam                 rparam       00000
__Hsfr                    sfr          00000
__Hsivt_hi                sivt_hi      00000
__Hsivt_lo                sivt_lo      00018
__Hsmallconst             smallconst   01002
__Hspace_0                (abs)        10000
__Hspace_1                (abs)        00055
__Hspace_2                (abs)        00000
__Hspace_4                (abs)        00000
__Hstack                  stack        00000
__Hstruct                 struct       00000
__Htemp                   temp         00000
__Htext                   text         00000
__Htext0                  text0        00000
__Htext1                  text1        00000
__Htext2                  text2        00000
__Htext3                  text3        00000
__Htext4                  text4        00000
__Htext5                  text5        00000
__Htext6                  text6        00000
__Htext7                  text7        00000
__Htext8                  text8        00000
__Htext9                  text9        00000
__LRAM                    (abs)        00001
__L__absolute__           __absolute__ 00000
__Labs1                   abs1         00000
__Lbank0                  bank0        00000
__Lbank1                  bank1        00000
__Lbank10                 bank10       00000
__Lbank11                 bank11       00000
__Lbank12                 bank12       00000
__Lbank13                 bank13       00000
__Lbank14                 bank14       00000
__Lbank15                 bank15       00000
__Lbank2                  bank2        00000
__Lbank3                  bank3        00000
__Lbank4                  bank4        00000
__Lbank5                  bank5        00000
__Lbank6                  bank6        00000
__Lbank7                  bank7        00000
__Lbank8                  bank8        00000
__Lbank9                  bank9        00000
__Lbigbss                 bigbss       00000
__Lbigdata                bigdata      00000
__Lbigram                 bigram       00000
__Lbigsfr                 bigsfr       00000
__Lbss                    bss          00000
__Lcinit                  cinit        00000
__Lclrtext                clrtext      00000
__Lcomram                 comram       00000
__Lconfig                 config       00000
__Lconst                  const        00000
__LcstackCOMRAM           cstackCOMRAM 00000
__Ldata                   data         00000
__Leeprom_data            eeprom_data  00000
__Lfarbss                 farbss       00000
__Lfardata                fardata      00000
__Lheap                   heap         00000
__Libigdata               ibigdata     00000
__Lidata                  idata        00000
__Lidloc                  idloc        00000
__Lifardata               ifardata     00000
__Linit                   init         0FFFC
__Lintcode                intcode      00008
__Lintcode_body           intcode_body 00000
__Lintcodelo              intcodelo    00018
__Lintentry               intentry     00000
__Lintret                 intret       00000
__Lintsave_regs           intsave_regs 00000
__Lirdata                 irdata       00000
__Lmediumconst            mediumconst  00000
__LnvFARRAM               nvFARRAM     00000
__Lnvbit                  nvbit        00000
__Lnvrram                 nvrram       00000
__Lparam                  rparam       00000
__Lpowerup                powerup      00000
__Lram                    ram          00000
__Lramtop                 ramtop       01000
__Lrbit                   rbit         00000
__Lrbss                   rbss         00000
__Lrdata                  rdata        00000
__Lreset_vec              reset_vec    00000
__Lrparam                 rparam       00000
__Lsfr                    sfr          00000
__Lsivt_hi                sivt_hi      00000
__Lsivt_lo                sivt_lo      00018
__Lsmallconst             smallconst   01000
__Lspace_0                (abs)        00000
__Lspace_1                (abs)        00000
__Lspace_2                (abs)        00000
__Lspace_4                (abs)        00000
__Lstack                  stack        00000
__Lstruct                 struct       00000
__Ltemp                   temp         00000
__Ltext                   text         00000
__Ltext0                  text0        00000
__Ltext1                  text1        00000
__Ltext2                  text2        00000
__Ltext3                  text3        00000
__Ltext4                  text4        00000
__Ltext5                  text5        00000
__Ltext6                  text6        00000
__Ltext7                  text7        00000
__Ltext8                  text8        00000
__Ltext9                  text9        00000
__S0                      (abs)        10000
__S1                      (abs)        00055
__S4                      (abs)        00000
__S5                      (abs)        00000
___fldiv                  text4        01428
___fldiv@a                cstackCOMRAM 0002C
___fldiv@aexp             cstackCOMRAM 00040
___fldiv@b                cstackCOMRAM 00028
___fldiv@bexp             cstackCOMRAM 0003F
___fldiv@grs              cstackCOMRAM 0003B
___fldiv@new_exp          cstackCOMRAM 00039
___fldiv@rem              cstackCOMRAM 00034
___fldiv@sign             cstackCOMRAM 00038
___flge                   text9        0196A
___flge@ff1               cstackCOMRAM 00049
___flge@ff2               cstackCOMRAM 0004D
___flmul                  text3        01002
___flmul@a                cstackCOMRAM 00013
___flmul@aexp             cstackCOMRAM 00020
___flmul@b                cstackCOMRAM 0000F
___flmul@bexp             cstackCOMRAM 00021
___flmul@grs              cstackCOMRAM 0001C
___flmul@prod             cstackCOMRAM 00022
___flmul@sign             cstackCOMRAM 0001B
___flmul@temp             cstackCOMRAM 00026
___heap_hi                (abs)        00000
___heap_lo                (abs)        00000
___inthi_sp               stack        00000
___inthi_stack_hi         stack        00000
___inthi_stack_lo         stack        00000
___intlo_sp               stack        00000
___intlo_stack_hi         stack        00000
___intlo_stack_lo         stack        00000
___param_bank             (abs)        00000
___rparam_used            (abs)        00001
___sp                     stack        00000
___stack_hi               stack        00000
___stack_lo               stack        00000
___xxtofl                 text2        017B6
___xxtofl@arg             cstackCOMRAM 0000B
___xxtofl@exp             cstackCOMRAM 0000A
___xxtofl@sign            cstackCOMRAM 00009
___xxtofl@val             cstackCOMRAM 00001
__accesstop               (abs)        00060
__activetblptr            (abs)        00000
__end_of___fldiv          text4        017B6
__end_of___flge           text9        01A6E
__end_of___flmul          text3        01428
__end_of___xxtofl         text2        0196A
__end_of__initialization  cinit        01BC2
__end_of_adc_config       text8        01B98
__end_of_adc_on           text7        01BCC
__end_of_adc_read         text6        01BBA
__end_of_config_led       text5        01BC2
__end_of_ler_temperatura  text1        01B0E
__end_of_main             text0        01B72
__initialization          cinit        01BC2
__mediumconst             smallconst   01000
__pcinit                  cinit        01BC2
__pcstackCOMRAM           cstackCOMRAM 00001
__psmallconst             smallconst   01000
__ptext0                  text0        01B0E
__ptext1                  text1        01A6E
__ptext2                  text2        017B6
__ptext3                  text3        01002
__ptext4                  text4        01428
__ptext5                  text5        01BBA
__ptext6                  text6        01B98
__ptext7                  text7        01BC8
__ptext8                  text8        01B72
__ptext9                  text9        0196A
__ramtop                  ramtop       01000
__smallconst              smallconst   01000
_adc_config               text8        01B72
_adc_on                   text7        01BC8
_adc_read                 text6        01B98
_config_led               text5        01BBA
_ler_temperatura          text1        01A6E
_ler_temperatura$1258     cstackCOMRAM 00045
_main                     text0        01B0E
adc_read@dados_adc        cstackCOMRAM 00003
end_of_initialization     cinit        01BC2
intlevel0                 text         00000
intlevel1                 text         00000
intlevel2                 text         00000
intlevel3                 text         00000
isa$std                   (abs)        00001
isa$xinst                 (abs)        00000
ler_temperatura@dados_adc cstackCOMRAM 00041
stackhi                   (abs)        00000
stacklo                   (abs)        00000
start                     init         0FFFC
start_initialization      cinit        01BC2


MODULE INFORMATION

Module		Function		Class		Link	Load	Size
C:\Program Files\Microchip\xc8\v3.10\pic\sources\c99\common\flge.c
		___flge        		CODE           	196A	0000	260

C:\Program Files\Microchip\xc8\v3.10\pic\sources\c99\common\flge.c estimated size: 260

io.c
		_adc_config    		CODE           	1B72	0000	38
		_adc_on        		CODE           	1BC8	0000	4
		_adc_read      		CODE           	1B98	0000	34

io.c estimated size: 76

C:\Program Files\Microchip\xc8\v3.10\pic\sources\c99\common\sprcmul.c
		___flmul       		CODE           	1002	0000	1062

C:\Program Files\Microchip\xc8\v3.10\pic\sources\c99\common\sprcmul.c estimated size: 1062

C:\Program Files\Microchip\xc8\v3.10\pic\sources\c99\common\xxtofl.c
		___xxtofl      		CODE           	17B6	0000	436

C:\Program Files\Microchip\xc8\v3.10\pic\sources\c99\common\xxtofl.c estimated size: 436

C:\Program Files\Microchip\xc8\v3.10\pic\sources\c99\common\sprcdiv.c
		___fldiv       		CODE           	1428	0000	910

C:\Program Files\Microchip\xc8\v3.10\pic\sources\c99\common\sprcdiv.c estimated size: 910

shared
		__initialization		CODE           	1BC2	0000	1

shared estimated size: 1

main.c
		_main          		CODE           	1B0E	0000	100
		_ler_temperatura		CODE           	1A6E	0000	160
		_config_led    		CODE           	1BBA	0000	8

main.c estimated size: 268

